# Thu Jul  9 16:05:37 UTC 2026
# Thu Jul  9 18:57:09 UTC 2026
# Fri Jul 10 19:43:00 UTC 2026
# Fri Jul 10 19:45:49 UTC 2026
# Sat Jul 11 10:18:41 UTC 2026
# Sat Jul 11 16:06:34 UTC 2026
# Sat Jul 11 19:21:42 UTC 2026
# Sun Jul 12 10:40:27 UTC 2026
# Sun Jul 12 10:43:25 UTC 2026
# Sun Jul 12 10:46:22 UTC 2026
# Sun Jul 12 14:30:26 UTC 2026
# Sun Jul 12 14:31:41 UTC 2026
# Mon Jul 13 12:13:55 UTC 2026
# Mon Jul 13 15:44:23 UTC 2026
# Tue Jul 14 12:20:38 UTC 2026
# Tue Jul 14 15:02:49 UTC 2026
# Tue Jul 14 16:24:39 UTC 2026
# Tue Jul 14 18:08:12 UTC 2026
# Wed Jul 15 10:58:16 UTC 2026
# Wed Jul 15 12:19:48 UTC 2026
# Wed Jul 15 12:21:51 UTC 2026
# Wed Jul 15 16:39:43 UTC 2026
# Wed Jul 15 18:12:23 UTC 2026
# Thu Jul 16 11:04:17 UTC 2026
# Thu Jul 16 14:08:37 UTC 2026
# Fri Jul 17 10:51:43 UTC 2026
# Fri Jul 17 12:14:52 UTC 2026
# Fri Jul 17 12:17:02 UTC 2026
# Sat Jul 18 17:58:57 UTC 2026
# Sat Jul 18 18:00:43 UTC 2026
# Sun Jul 19 14:27:44 UTC 2026
# Sun Jul 19 16:01:09 UTC 2026
# Mon Jul 20 11:53:15 UTC 2026
# Mon Jul 20 14:19:07 UTC 2026
# Mon Jul 20 14:21:46 UTC 2026
# Mon Jul 20 18:56:41 UTC 2026
# Tue Jul 21 11:15:18 UTC 2026
# Tue Jul 21 11:19:14 UTC 2026
# Tue Jul 21 14:05:11 UTC 2026
# Tue Jul 21 14:06:52 UTC 2026
# Wed Jul 22 16:24:11 UTC 2026
# Wed Jul 22 18:14:42 UTC 2026
# Thu Jul 23 14:13:11 UTC 2026
# Thu Jul 23 18:16:29 UTC 2026
# Thu Jul 23 18:18:43 UTC 2026
# Thu Jul 23 18:20:13 UTC 2026
# Fri Jul 24 11:12:11 UTC 2026
# Fri Jul 24 13:57:39 UTC 2026
# Fri Jul 24 13:58:28 UTC 2026
# Fri Jul 24 15:36:16 UTC 2026
# Fri Jul 24 17:44:11 UTC 2026
# Fri Jul 24 17:46:21 UTC 2026
# Fri Jul 24 17:48:24 UTC 2026
# Sat Jul 25 12:07:24 UTC 2026
# Sat Jul 25 12:10:10 UTC 2026
# Sun Jul 26 10:47:23 UTC 2026
# Sun Jul 26 10:48:09 UTC 2026
# Sun Jul 26 14:43:12 UTC 2026
# Sun Jul 26 14:45:28 UTC 2026
# Sun Jul 26 16:05:37 UTC 2026
# Mon Jul 27 12:29:38 UTC 2026
# Mon Jul 27 15:46:02 UTC 2026
# Mon Jul 27 17:46:44 UTC 2026
# Mon Jul 27 17:48:43 UTC 2026
# Mon Jul 27 19:45:53 UTC 2026
# Tue Jul 28 11:24:35 UTC 2026
# Tue Jul 28 11:26:43 UTC 2026
# Wed Jul 29 14:21:45 UTC 2026
# Wed Jul 29 14:23:57 UTC 2026
# Wed Jul 29 16:27:45 UTC 2026
# Thu Jul 30 11:17:25 UTC 2026
# Thu Jul 30 14:18:38 UTC 2026
# Thu Jul 30 16:41:35 UTC 2026
# Fri Jul 31 16:48:56 UTC 2026
# Sat Aug  1 12:04:27 UTC 2026
# Sat Aug  1 18:02:45 UTC 2026
# Sat Aug  1 18:05:30 UTC 2026
# Sun Aug  2 14:38:23 UTC 2026
# Sun Aug  2 14:42:44 UTC 2026
# Sun Aug  2 18:04:42 UTC 2026
# Mon Aug  3 15:47:03 UTC 2026
# Mon Aug  3 19:48:13 UTC 2026
# Tue Aug  4 11:29:17 UTC 2026
# Tue Aug  4 16:59:55 UTC 2026
# Tue Aug  4 18:43:24 UTC 2026
# Wed Aug  5 14:22:33 UTC 2026
# Thu Aug  6 11:29:14 UTC 2026
# Fri Aug  7 11:49:40 UTC 2026
# Fri Aug  7 11:51:27 UTC 2026
# Fri Aug  7 13:15:27 UTC 2026
# Fri Aug  7 14:58:15 UTC 2026
# Sat Aug  8 10:38:34 UTC 2026
# Sat Aug  8 10:41:24 UTC 2026
# Sat Aug  8 11:33:24 UTC 2026
# Sat Aug  8 13:51:32 UTC 2026
# Sat Aug  8 14:39:00 UTC 2026
# Sat Aug  8 15:38:25 UTC 2026
# Sat Aug  8 18:44:12 UTC 2026
# Sun Aug  9 13:04:46 UTC 2026
# Sun Aug  9 16:46:28 UTC 2026
# Sun Aug  9 18:50:23 UTC 2026
# Mon Aug 10 10:26:10 UTC 2026
# Mon Aug 10 11:52:45 UTC 2026
# Mon Aug 10 13:22:44 UTC 2026
# Mon Aug 10 16:59:06 UTC 2026
# Mon Aug 10 17:01:38 UTC 2026
# Mon Aug 10 18:03:20 UTC 2026
# Mon Aug 10 19:07:25 UTC 2026
# Tue Aug 11 13:16:24 UTC 2026
# Tue Aug 11 13:18:23 UTC 2026
# Tue Aug 11 17:02:19 UTC 2026
# Tue Aug 11 17:02:52 UTC 2026
# Tue Aug 11 19:08:26 UTC 2026
# Wed Aug 12 11:51:53 UTC 2026
# Wed Aug 12 19:11:45 UTC 2026
# Thu Aug 13 11:55:22 UTC 2026
# Thu Aug 13 13:22:32 UTC 2026
# Thu Aug 13 13:26:48 UTC 2026
# Thu Aug 13 15:02:14 UTC 2026
# Thu Aug 13 17:00:20 UTC 2026
# Thu Aug 13 19:08:31 UTC 2026
# Thu Aug 13 19:10:26 UTC 2026
# Fri Aug 14 10:11:03 UTC 2026
# Fri Aug 14 11:48:40 UTC 2026
# Fri Aug 14 13:17:06 UTC 2026
# Fri Aug 14 17:01:59 UTC 2026
# Sat Aug 15 10:27:49 UTC 2026
# Sat Aug 15 11:25:11 UTC 2026
# Sat Aug 15 16:32:37 UTC 2026
# Sun Aug 16 10:28:52 UTC 2026
# Sun Aug 16 11:23:57 UTC 2026
# Sun Aug 16 14:27:43 UTC 2026
# Sun Aug 16 14:28:54 UTC 2026
# Sun Aug 16 15:26:26 UTC 2026
# Sun Aug 16 15:30:03 UTC 2026
